// Jest Snapshot v1, https://goo.gl/fbAQLP

exports[`changes the class when hovered 1`] = `
<a
  class="normal"
  href="#"
>
  123
</a>
`;
